// Vitest Snapshot v1, https://vitest.dev/guide/snapshot.html

exports[`runAccumulatedStrategySelection > matches snapshot for fixed draw history 1`] = `
{
  "finalNumberPlan": {
    "commonNumbers": [],
    "finalNumbers": [
      7,
      14,
      21,
      28,
    ],
    "strategyPicks": [
      {
        "atLeastOneRate": 0.8875,
        "avgHits": 1.7875,
        "maxMissStreak": 3,
        "numbers": [
          7,
          14,
          21,
          28,
        ],
        "strategyKey": "nearestMean4",
        "strategyLabel": "평균근접",
        "windowSizes": [
          48,
          76,
        ],
      },
      {
        "atLeastOneRate": 0.025,
        "avgHits": 0.0375,
        "maxMissStreak": 74,
        "numbers": [
          3,
          4,
          43,
          44,
        ],
        "strategyKey": "twoHotTwoCold",
        "strategyLabel": "상2+하2",
        "windowSizes": [
          240,
          264,
        ],
      },
    ],
  },
  "strategyCharts": [
    {
      "analyzedDrawCount": 48,
      "atLeastOneRate": 0.8875,
      "avgHits": 2.2125,
      "counts": [
        7,
        7,
        7,
        7,
        7,
        7,
        6,
        7,
        7,
        7,
        7,
        7,
        7,
        6,
        7,
        7,
        7,
        7,
        7,
        7,
        6,
        7,
        7,
        7,
        7,
        7,
        7,
        6,
        7,
        7,
        7,
        7,
        7,
        7,
        6,
        7,
        7,
        7,
        7,
        7,
        7,
        6,
        0,
        0,
        0,
      ],
      "key": "nearestMean4-48-0",
      "maxMissStreak": 3,
      "noDataMessage": "이전 48회 데이터가 부족해 전략 차트를 표시할 수 없습니다.",
      "strategyLabel": "평균근접",
      "title": "평균근접 전략 추천 기간 1 (이전 48회)",
      "windowSize": 48,
    },
    {
      "analyzedDrawCount": 76,
      "atLeastOneRate": 0.8875,
      "avgHits": 1.3625,
      "counts": [
        11,
        11,
        11,
        11,
        11,
        11,
        10,
        11,
        11,
        11,
        11,
        11,
        11,
        10,
        11,
        11,
        11,
        11,
        11,
        11,
        10,
        11,
        11,
        11,
        11,
        11,
        11,
        10,
        11,
        11,
        11,
        11,
        11,
        11,
        10,
        11,
        11,
        11,
        11,
        11,
        11,
        10,
        0,
        0,
        0,
      ],
      "key": "nearestMean4-76-1",
      "maxMissStreak": 3,
      "noDataMessage": "이전 76회 데이터가 부족해 전략 차트를 표시할 수 없습니다.",
      "strategyLabel": "평균근접",
      "title": "평균근접 전략 추천 기간 2 (이전 76회)",
      "windowSize": 76,
    },
    {
      "analyzedDrawCount": 81,
      "atLeastOneRate": 0.025,
      "avgHits": 0.0375,
      "counts": [
        11,
        11,
        12,
        12,
        12,
        12,
        11,
        11,
        11,
        12,
        12,
        12,
        12,
        11,
        11,
        11,
        12,
        12,
        12,
        12,
        11,
        11,
        11,
        12,
        12,
        12,
        12,
        11,
        11,
        11,
        12,
        12,
        12,
        12,
        11,
        11,
        11,
        12,
        12,
        12,
        12,
        11,
        0,
        0,
        0,
      ],
      "key": "twoHotTwoCold-240-2",
      "maxMissStreak": 74,
      "noDataMessage": "이전 240회 데이터가 부족해 전략 차트를 표시할 수 없습니다.",
      "strategyLabel": "상2+하2",
      "title": "상2+하2 전략 추천 기간 1 (이전 240회)",
      "windowSize": 240,
    },
    {
      "analyzedDrawCount": 81,
      "atLeastOneRate": 0.025,
      "avgHits": 0.0375,
      "counts": [
        11,
        11,
        12,
        12,
        12,
        12,
        11,
        11,
        11,
        12,
        12,
        12,
        12,
        11,
        11,
        11,
        12,
        12,
        12,
        12,
        11,
        11,
        11,
        12,
        12,
        12,
        12,
        11,
        11,
        11,
        12,
        12,
        12,
        12,
        11,
        11,
        11,
        12,
        12,
        12,
        12,
        11,
        0,
        0,
        0,
      ],
      "key": "twoHotTwoCold-264-3",
      "maxMissStreak": 74,
      "noDataMessage": "이전 264회 데이터가 부족해 전략 차트를 표시할 수 없습니다.",
      "strategyLabel": "상2+하2",
      "title": "상2+하2 전략 추천 기간 2 (이전 264회)",
      "windowSize": 264,
    },
  ],
}
`;
