// Vitest Snapshot v1, https://vitest.dev/guide/snapshot.html

exports[`runAccumulatedStrategySelection > matches snapshot for fixed draw history 1`] = `
{
  "finalNumberPlan": {
    "commonNumbers": [],
    "finalNumbers": [
      1,
      5,
      43,
      44,
    ],
    "strategyPicks": [
      {
        "atLeastOneRate": 0.1375,
        "avgHits": 0.1375,
        "maxMissStreak": 6,
        "numbers": [
          3,
          4,
          5,
          6,
        ],
        "strategyKey": "top4TwoYear",
        "strategyLabel": "상위 출현 4 (2년, 104회차)",
        "windowSizes": [
          104,
        ],
      },
      {
        "atLeastOneRate": 0.325,
        "avgHits": 0.375,
        "maxMissStreak": 5,
        "numbers": [
          43,
          44,
          45,
          1,
        ],
        "strategyKey": "bottom4TwoYear",
        "strategyLabel": "하위 출현 4 (2년, 104회차)",
        "windowSizes": [
          104,
        ],
      },
      {
        "atLeastOneRate": 0.1375,
        "avgHits": 0.1375,
        "maxMissStreak": 6,
        "numbers": [
          3,
          4,
          5,
          6,
        ],
        "strategyKey": "top4Full",
        "strategyLabel": "상위 출현 4 (전체 기간)",
        "windowSizes": [
          81,
        ],
      },
      {
        "atLeastOneRate": 0.325,
        "avgHits": 0.375,
        "maxMissStreak": 5,
        "numbers": [
          43,
          44,
          45,
          1,
        ],
        "strategyKey": "bottom4Full",
        "strategyLabel": "하위 출현 4 (전체 기간)",
        "windowSizes": [
          81,
        ],
      },
    ],
  },
  "strategyCharts": [
    {
      "analyzedDrawCount": 81,
      "atLeastOneRate": 0.1375,
      "avgHits": 0.1375,
      "counts": [
        11,
        11,
        12,
        12,
        12,
        12,
        11,
        11,
        11,
        12,
        12,
        12,
        12,
        11,
        11,
        11,
        12,
        12,
        12,
        12,
        11,
        11,
        11,
        12,
        12,
        12,
        12,
        11,
        11,
        11,
        12,
        12,
        12,
        12,
        11,
        11,
        11,
        12,
        12,
        12,
        12,
        11,
        0,
        0,
        0,
      ],
      "key": "top4Frequency-104",
      "maxMissStreak": 6,
      "noDataMessage": "이전 104회차 데이터가 부족해 전략 차트를 표시할 수 없습니다.",
      "strategyLabel": "상위 출현 4",
      "title": "상위 출현 4 (2년 · 이전 104회차)",
      "windowSize": 104,
    },
    {
      "analyzedDrawCount": 81,
      "atLeastOneRate": 0.325,
      "avgHits": 0.375,
      "counts": [
        11,
        11,
        12,
        12,
        12,
        12,
        11,
        11,
        11,
        12,
        12,
        12,
        12,
        11,
        11,
        11,
        12,
        12,
        12,
        12,
        11,
        11,
        11,
        12,
        12,
        12,
        12,
        11,
        11,
        11,
        12,
        12,
        12,
        12,
        11,
        11,
        11,
        12,
        12,
        12,
        12,
        11,
        0,
        0,
        0,
      ],
      "key": "bottom4Frequency-104",
      "maxMissStreak": 5,
      "noDataMessage": "이전 104회차 데이터가 부족해 전략 차트를 표시할 수 없습니다.",
      "strategyLabel": "하위 출현 4",
      "title": "하위 출현 4 (2년 · 이전 104회차)",
      "windowSize": 104,
    },
  ],
}
`;
